// Jest Snapshot v1, https://goo.gl/fbAQLP

exports[`helpers createReducer should return a proper object 1`] = `[Function]`;

exports[`helpers createRequestTypes should return a proper object 1`] = `
Object {
  "FAILURE": "REQUEST_FAILURE",
  "REQUEST": "REQUEST_REQUEST",
  "SUCCESS": "REQUEST_SUCCESS",
}
`;
